// Jest Snapshot v1, https://goo.gl/fbAQLP

exports[`should render correctly the date inputs 1`] = `
<div>
  <DateInput
    className="little-spacer-right"
    maxDate={2016-12-27T12:21:15.000Z}
    name="from"
    onChange={[Function]}
    placeholder="from"
    value={2016-10-27T12:21:15.000Z}
  />
  â€”
  <DateInput
    className="little-spacer-left"
    minDate={2016-10-27T12:21:15.000Z}
    name="to"
    onChange={[Function]}
    placeholder="to"
    value={2016-12-27T12:21:15.000Z}
  />
  <button
    className="spacer-left"
    disabled={false}
    onClick={[Function]}
  >
    project_activity.reset_dates
  </button>
</div>
`;
