// Jest Snapshot v1, https://goo.gl/fbAQLP

exports[`should render tags popup correctly 1`] = `
<TagsSelector
  listSize={10}
  onSearch={[Function]}
  onSelect={[Function]}
  onUnselect={[Function]}
  position={Object {}}
  selectedTags={
    Array [
      Object {
        "key": "mytag",
        "label": "mytag",
      },
    ]
  }
  tags={
    Array [
      Object {
        "key": "test",
        "label": "test",
      },
      Object {
        "key": "second",
        "label": "second",
      },
    ]
  }
/>
`;
