// Jest Snapshot v1, https://goo.gl/fbAQLP

exports[`should render correctly 1`] = `
<input
  className="input-tiny text-middle"
  id="condition-minimum-effective-lines"
  onChange={[Function]}
  type="text"
  value="101"
/>
`;
