// Jest Snapshot v1, https://goo.gl/fbAQLP

exports[`should render 1`] = `
<div
  className="display-inline-block"
  id="quality-profile-changelog-form"
>
  <DateRangeInput
    onChange={[MockFunction]}
    value={
      Object {
        "from": 2015-12-31T23:00:00.000Z,
        "to": 2016-05-04T22:00:00.000Z,
      }
    }
  />
  <Button
    className="spacer-left"
    onClick={[MockFunction]}
  >
    reset_verb
  </Button>
</div>
`;
